/* main_refinement_01_r1
 * Author: cchen4
 * Creation date: 20/06/2023
 */

REFINEMENT main_refinement_01_r1
    
REFINES main_refinement_01

SEES 
    b2rust_types
    
    
CONCRETE_CONSTANTS
    refc
 
 
PROPERTIES 
    refc : rust_i8
    
    
CONCRETE_VARIABLES
    refv
    
INVARIANT 
    refv: rust_i8
    
INITIALISATION
    refv := 3

OPERATIONS
    res <-- sum = 
    PRE
        res : rust_i8
    THEN
        res :: rust_i8
    END

END